Traceback (most recent call last):
  File "/opt/homebrew/Cellar/python@3.12/3.12.13_4/Frameworks/Python.framework/Versions/3.12/lib/python3.12/tkinter/__init__.py", line 1968, in __call__
    return self.func(*args)
           ^^^^^^^^^^^^^^^^
  File "/opt/homebrew/Cellar/python@3.12/3.12.13_4/Frameworks/Python.framework/Versions/3.12/lib/python3.12/tkinter/__init__.py", line 862, in callit
    func(*args)
  File "/Users/vintrinh/Desktop/vincent_personal_projects/Rose-AI-Assistance/Rose/gui.py", line 834, in _poll_status
    self._draw_status_ring(state)
  File "/Users/vintrinh/Desktop/vincent_personal_projects/Rose-AI-Assistance/Rose/gui.py", line 797, in _draw_status_ring
    self._arc_items[i],
    ~~~~~~~~~~~~~~~^^^
IndexError: list index out of range

Traceback (most recent call last):
  File "/opt/homebrew/Cellar/python@3.12/3.12.13_4/Frameworks/Python.framework/Versions/3.12/lib/python3.12/tkinter/__init__.py", line 1968, in __call__
    return self.func(*args)
           ^^^^^^^^^^^^^^^^
  File "/opt/homebrew/Cellar/python@3.12/3.12.13_4/Frameworks/Python.framework/Versions/3.12/lib/python3.12/tkinter/__init__.py", line 862, in callit
    func(*args)
  File "/Users/vintrinh/Desktop/vincent_personal_projects/Rose-AI-Assistance/Rose/gui.py", line 838, in _poll_status
    self._draw_status_ring(state)
  File "/Users/vintrinh/Desktop/vincent_personal_projects/Rose-AI-Assistance/Rose/gui.py", line 801, in _draw_status_ring
    self._arc_items[i],
    ~~~~~~~~~~~~~~~^^^
IndexError: list index out of range

Traceback (most recent call last):
  File "/Users/vintrinh/Desktop/vincent_personal_projects/Rose-AI-Assistance/Rose/gui.py", line 850, in <module>
    app = RoseSettingsApp()
          ^^^^^^^^^^^^^^^^^
  File "/Users/vintrinh/Desktop/vincent_personal_projects/Rose-AI-Assistance/Rose/gui.py", line 69, in __init__
    self._build_home_tab()
  File "/Users/vintrinh/Desktop/vincent_personal_projects/Rose-AI-Assistance/Rose/gui.py", line 740, in _build_home_tab
    self.status_text.pack(pady=5)
    ^^^^^^^^^^^^^^^^
  File "/opt/homebrew/Cellar/python@3.12/3.12.13_4/Frameworks/Python.framework/Versions/3.12/lib/python3.12/tkinter/__init__.py", line 2433, in __getattr__
    return getattr(self.tk, attr)
           ^^^^^^^^^^^^^^^^^^^^^^
AttributeError: '_tkinter.tkapp' object has no attribute 'status_text'

Traceback (most recent call last):
  File "/Users/vintrinh/Desktop/vincent_personal_projects/Rose-AI-Assistance/Rose/gui.py", line 862, in <module>
    app = RoseSettingsApp()
          ^^^^^^^^^^^^^^^^^
  File "/Users/vintrinh/Desktop/vincent_personal_projects/Rose-AI-Assistance/Rose/gui.py", line 87, in __init__
    self._build_voice_tab()
  File "/Users/vintrinh/Desktop/vincent_personal_projects/Rose-AI-Assistance/Rose/gui.py", line 111, in _build_voice_tab
    current_voice_name = self.settings.get("say_voice_name")
                         ^^^^^^^^^^^^^
  File "/opt/homebrew/Cellar/python@3.12/3.12.13_4/Frameworks/Python.framework/Versions/3.12/lib/python3.12/tkinter/__init__.py", line 2433, in __getattr__
    return getattr(self.tk, attr)
           ^^^^^^^^^^^^^^^^^^^^^^
AttributeError: '_tkinter.tkapp' object has no attribute 'settings'

Traceback (most recent call last):
  File "/Users/vintrinh/Desktop/vincent_personal_projects/Rose-AI-Assistance/Rose/gui.py", line 862, in <module>
    if __name__ == "__main__":
                  ^^^^^^^^^^^^^
  File "/Users/vintrinh/Desktop/vincent_personal_projects/Rose-AI-Assistance/Rose/gui.py", line 87, in __init__
  File "/Users/vintrinh/Desktop/vincent_personal_projects/Rose-AI-Assistance/Rose/gui.py", line 111, in _build_voice_tab
  File "/opt/homebrew/Cellar/python@3.12/3.12.13_4/Frameworks/Python.framework/Versions/3.12/lib/python3.12/tkinter/__init__.py", line 2433, in __getattr__
    return getattr(self.tk, attr)
           ^^^^^^^^^^^^^^^^^^^^^^
AttributeError: '_tkinter.tkapp' object has no attribute 'settings'

Traceback (most recent call last):
  File "/Users/vintrinh/Desktop/vincent_personal_projects/Rose-AI-Assistance/Rose/gui.py", line 880, in <module>
    app = RoseSettingsApp()
          ^^^^^^^^^^^^^^^^^
  File "/Users/vintrinh/Desktop/vincent_personal_projects/Rose-AI-Assistance/Rose/gui.py", line 89, in __init__
    self._build_home_tab(self.screens["Home"])
  File "/Users/vintrinh/Desktop/vincent_personal_projects/Rose-AI-Assistance/Rose/gui.py", line 767, in _build_home_tab
    self._poll_status()
  File "/Users/vintrinh/Desktop/vincent_personal_projects/Rose-AI-Assistance/Rose/gui.py", line 864, in _poll_status
    self.status_canvas.itemconfig(self._running_status_item, text=running_text, fill=running_color)
                                  ^^^^^^^^^^^^^^^^^^^^^^^^^
  File "/opt/homebrew/Cellar/python@3.12/3.12.13_4/Frameworks/Python.framework/Versions/3.12/lib/python3.12/tkinter/__init__.py", line 2433, in __getattr__
    return getattr(self.tk, attr)
           ^^^^^^^^^^^^^^^^^^^^^^
AttributeError: '_tkinter.tkapp' object has no attribute '_running_status_item'

Traceback (most recent call last):
  File "/opt/homebrew/Cellar/python@3.12/3.12.13_4/Frameworks/Python.framework/Versions/3.12/lib/python3.12/tkinter/__init__.py", line 1968, in __call__
    return self.func(*args)
           ^^^^^^^^^^^^^^^^
  File "/opt/homebrew/Cellar/python@3.12/3.12.13_4/Frameworks/Python.framework/Versions/3.12/lib/python3.12/tkinter/__init__.py", line 862, in callit
    func(*args)
  File "/Users/vintrinh/Desktop/vincent_personal_projects/Rose-AI-Assistance/Rose/gui.py", line 868, in _poll_status
    self.st
  File "/opt/homebrew/Cellar/python@3.12/3.12.13_4/Frameworks/Python.framework/Versions/3.12/lib/python3.12/tkinter/__init__.py", line 2433, in __getattr__
    return getattr(self.tk, attr)
           ^^^^^^^^^^^^^^^^^^^^^^
AttributeError: '_tkinter.tkapp' object has no attribute 'st'

Traceback (most recent call last):
  File "/opt/homebrew/Cellar/python@3.12/3.12.13_4/Frameworks/Python.framework/Versions/3.12/lib/python3.12/tkinter/__init__.py", line 1968, in __call__
    return self.func(*args)
           ^^^^^^^^^^^^^^^^
  File "/opt/homebrew/Cellar/python@3.12/3.12.13_4/Frameworks/Python.framework/Versions/3.12/lib/python3.12/tkinter/__init__.py", line 862, in callit
    func(*args)
  File "/Users/vintrinh/Desktop/vincent_personal_projects/Rose-AI-Assistance/Rose/gui.py", line 868, in _poll_status
    self.st
  File "/opt/homebrew/Cellar/python@3.12/3.12.13_4/Frameworks/Python.framework/Versions/3.12/lib/python3.12/tkinter/__init__.py", line 2433, in __getattr__
    return getattr(self.tk, attr)
           ^^^^^^^^^^^^^^^^^^^^^^
AttributeError: '_tkinter.tkapp' object has no attribute 'st'

Traceback (most recent call last):
  File "/Users/vintrinh/Desktop/vincent_personal_projects/Rose-AI-Assistance/Rose/gui.py", line 890, in <module>
    app = RoseSettingsApp()
          ^^^^^^^^^^^^^^^^^
  File "/Users/vintrinh/Desktop/vincent_personal_projects/Rose-AI-Assistance/Rose/gui.py", line 90, in __init__
    self._build_home_tab(self.screens["Home"])
  File "/Users/vintrinh/Desktop/vincent_personal_projects/Rose-AI-Assistance/Rose/gui.py", line 768, in _build_home_tab
    self._poll_status()
  File "/Users/vintrinh/Desktop/vincent_personal_projects/Rose-AI-Assistance/Rose/gui.py", line 868, in _poll_status
    self._draw_status_ring(state)
TypeError: RoseSettingsApp._draw_status_ring() missing 1 required positional argument: 'is_running'

