Hotkey pressed - listening...
Listening...
Transcribed:  Yeah, so can you open Spotify for me?
Response: Opening Spotify for you
Listening...
You:  Yeah, how's it going?
Rose: Hey, I'm doing well! Just here and ready to help you out with whatever you need. What's on your mind today?
Listening...
You:  This
ERROR in on_activate: Command '['screencapture', '-x', '/var/folders/86/yy018mws3rx7chc2tz3qsm0w0000gn/T/tmp07fqeisu.png']' returned non-zero exit status 1.
Listening...
You:  Open Spotify
Rose: Opening Spotify for you
Listening...
You:  Play my song in Spotify
Rose: play on Spotify
Listening...
You:  Open the robber hood for me
Rose: Sorry, I couldn't find or open robber hood
Listening...
You:  Open fidelity for me
Rose: Sorry, I couldn't find or open Fidelity
Listening...
You:  Hoping for the finale.
Rose: I think you're asking what the phrase "hoping for the finale" means in general. It's an expression where someone is waiting eagerly for something to end, like they're anticipating the final part or conclusion of an event, series, or situation. You'd use it when you're looking forward to when something is over, whether that's because you're excited to see how it concludes or because you want it to be done. It could apply to anything from watching the last episode of a TV show to waiting for a long meeting to wrap up.
Listening...
You:  Open Amazon!
Rose: Opening Amazon for you
Listening...
You:  Set a Google Calendar date for today at 5 p.m. concert time.
Rose: What event would you like to add, and when?
Listening...
You:  For today at Fatiya, name it concert.
Rose: Successfully made a calendar date for you
Listening...
You:  I analyze this page for me
Rose: This page is a collection of 179 LeetCode coding interview questions organized by pattern and difficulty level to help you prepare for technical interviews. It includes helpful tips for identifying which algorithms to use based on problem constraints, and tracks your progress through easy, medium, and hard problems across categories like arrays, trees, graphs, and dynamic programming. The resource was created by Sean Prashad in 2019 as a free alternative to expensive interview preparation materials.
Listening...
You:  Analyze this page for me.
Rose: This is a Google Search results page for the term "lumens." The page displays information about both the definition of lumens as a unit of light measurement and Lumens.com, which is an online retailer selling modern lighting, furniture, and home decor. It includes search results, definitions explaining that lumens measure brightness, and contact information for a Lumens call center in Sacramento.
Listening...
You:  Analyze this page for me.
Rose: This is a Cloudflare DNS management page for vincentktrinh.com showing that the domain has four A records pointing to GitHub Pages servers, plus a CNAME record for a subdomain pointing to a Vercel app. The page is flagging two issues: the www subdomain isn't configured so visitors can't reach it, and there are no email records set up, which means emails sent to this domain won't be delivered and could be spoofed. The rest of the content is just Cloudflare's standard cookie and privacy policy disclosures.
Listening...
You:  Take a screenshot for me.
Screenshot path is:  screenshots/20260729_123336.png
Rose: Took a screenshot
Listening...
You:  Analyze my screen for me.
Rose: VS Code is open with a Rose AI Assistant project displayed. The editor shows the steps.txt file with launch instructions and configuration details visible, while the terminal below shows logs from running the application including search results about lumens and a screenshot path notification. The left sidebar shows the project structure with various Python files and plugins organized in a folder tree.
Listening...
You:  Analyze my screen for me.
Rose: You're looking at the Apple Notes app on a Mac with a sidebar showing various notes organized by date and category, including pinned notes, recent items from yesterday and the past week, and older notes from thirty days ago. The main panel on the right displays the content of a selected note that contains a list of tasks and reminders related to testing a plugin system, with items about differentiating screenshots, identifying plugins, and various actions like opening apps and adding projects. The desktop behind the window shows various folders and files scattered across it.
Listening...
You:  Tell me about the recent shooting in Sacramento.
Rose: I'll search for recent information about a shooting in Sacramento. Based on the search results, the most recent Sacramento shooting incident involved  a man who was injured when shot by Sacramento County sheriff's deputies on Monday .  Deputies saw a vehicle suspected to have been involved in a shooting the previous day and stopped it around 7:30 p.m. near Tiogawoods Drive and Elk Grove Florin Road when an officer involved shooting occurred .  Both deputies fired their weapons for a total of five rounds , and  both deputies were uninjured . The incident is currently under investigation by the sheriff's Homicide Bureau and will be independently reviewed by the county district attorney's office.
Listening...
You:  Tell me about the recent stabbing in downtown Sacramento.
Rose: An eighteen-year-old Sacramento resident was arrested after five men were stabbed early Saturday morning in Old Sacramento .  The stabbings happened just after three a.m. near the intersection of K and Front streets , and  all five men were taken to hospitals where they are in stable condition .  The suspect, Ezekiel Griffis, was one of three people initially detained and was booked into the Sacramento County Main Jail on charges related to the assault .
Listening...
You:  Search for the recent stabbing in downtown Sacramento.
Rose: Searching google for recent stabbing downtown Sacramento
Listening...
You:  Give me a news report on a stabbing big stabbing that is happening in Sacramento.
Rose: A second man was arrested Tuesday afternoon in connection with the stabbing of five people in Old Sacramento , according to the latest news reports.  Officers responded to reports of an assault with a weapon just after 3 a.m. on Saturday in the area of Front Street and K Street , and  all five victims were in stable condition .  18-year-old Ezekiel Griffis of Sacramento was arrested on Saturday in connection with the stabbing incident .
Listening...
You:  Open League of Legends for me.
Rose: I couldn't find a game called League of Legends in your Steam library config
Listening...
You:  Open up war blocks for me.
Rose: I couldn't find a game called war blocks in your Steam library config
Listening...
You:  Open up war blocks to me.
Rose: I couldn't find a game called War Blocks in your Steam library config
Listening...
You:  hold it up zoom for me
Screenshot path is:  screenshots/20260729_124650.png
Rose: Took a screenshot
Listening...
You:  Open up Zoom for me.
Rose: Opening Zoom for you
Listening...
You:  Open up zoom for me.
Rose: Opening Zoom for you
Listening...
You:  어프답 잘 모르겠네
Rose: 어프답이라는 단어는 제 지식에서 찾을 수 없습니다. 혹시 다른 표기법이나 비슷한 단어를 말씀하시는 건 아닐까요? 예를 들어 "어플"이나 "앱"이라는 단어를 찾으신 건 아닌지, 아니면 특정 분야나 맥락에서의 용어인지 조금 더 자세히 설명해 주실 수 있을까요?
Listening...
You:  Open up zooms for me
Rose: Opening Zoom for you
Listening...
You:  I'll put up my GitHub repo called rose
Rose: Opening rose on GitHub
Listening...
You:  We'll look for my file called new grad Vincent.
Rose: I couldn't find anything matching new grad Vincent
Listening...
You:  Open my file called New Grad Vincent
Rose: I couldn't find anything matching New Grad Vincent
Listening...
You:  Open my file called new grad master.
Rose: Opening Newgrad-Masters-Vincent  (2).pdf
Listening...
You:  Open my file called um
Rose: I found a few matches: 1. UMJ3.py. 2. UMAO.py. 3. umath.cpython-312.pyc. Which one, or say the number?
Listening...
You:  Open my file called new grad vincere.
Rose: Which number did you mean?
Listening...
